// Jest Snapshot v1, https://goo.gl/fbAQLP

exports[`should test the Chart Component should render the Component 1`] = `
<LineChart
  barCategoryGap="10%"
  barGap={4}
  data={
    Array [
      Object {
        "day": "2021-01-01",
        "high": 2436,
        "low": 1037,
        "mean": 1615,
      },
      Object {
        "day": "2021-01-02",
        "high": 2436,
        "low": 1037,
        "mean": 1615,
      },
      Object {
        "day": "2021-01-03",
        "high": 2436,
        "low": 1037,
        "mean": 1615,
      },
      Object {
        "day": "2021-01-04",
        "high": 2435,
        "low": 1037,
        "mean": 1615,
      },
      Object {
        "day": "2021-01-05",
        "high": 2427,
        "low": 1037,
        "mean": 1615,
      },
      Object {
        "day": "2021-01-06",
        "high": 2431,
        "low": 1037,
        "mean": 1615,
      },
      Object {
        "day": "2021-01-07",
        "high": 2437,
        "low": 1037,
        "mean": 1615,
      },
      Object {
        "day": "2021-01-08",
        "high": 2438,
        "low": 1036,
        "mean": 1619,
      },
      Object {
        "day": "2021-01-09",
        "high": 2438,
        "low": 1036,
        "mean": 1619,
      },
      Object {
        "day": "2021-01-10",
        "high": 2438,
        "low": 1037,
        "mean": 1615,
      },
      Object {
        "day": "2021-01-11",
        "high": 2436,
        "low": 1037,
        "mean": 1615,
      },
      Object {
        "day": "2021-01-12",
        "high": 2436,
        "low": 1036,
        "mean": 1614,
      },
      Object {
        "day": "2021-01-13",
        "high": 2436,
        "low": 1036,
        "mean": 1614,
      },
      Object {
        "day": "2021-01-14",
        "high": 2436,
        "low": 1036,
        "mean": 1614,
      },
      Object {
        "day": "2021-01-15",
        "high": 2438,
        "low": 1036,
        "mean": 1614,
      },
      Object {
        "day": "2021-01-16",
        "high": 2437,
        "low": 1037,
        "mean": 1611,
      },
      Object {
        "day": "2021-01-17",
        "high": 2437,
        "low": 1037,
        "mean": 1611,
      },
      Object {
        "day": "2021-01-18",
        "high": 2437,
        "low": 1037,
        "mean": 1611,
      },
      Object {
        "day": "2021-01-19",
        "high": 2437,
        "low": 1037,
        "mean": 1611,
      },
      Object {
        "day": "2021-01-20",
        "high": 2437,
        "low": 1037,
        "mean": 1611,
      },
      Object {
        "day": "2021-01-21",
        "high": 2436,
        "low": 1037,
        "mean": 1611,
      },
      Object {
        "day": "2021-01-22",
        "high": 2434,
        "low": 1037,
        "mean": 1611,
      },
      Object {
        "day": "2021-01-23",
        "high": 2434,
        "low": 1037,
        "mean": 1611,
      },
      Object {
        "day": "2021-01-24",
        "high": 2434,
        "low": 1037,
        "mean": 1611,
      },
      Object {
        "day": "2021-01-25",
        "high": 2435,
        "low": 1037,
        "mean": 1611,
      },
      Object {
        "day": "2021-01-26",
        "high": 2436,
        "low": 1037,
        "mean": 1611,
      },
      Object {
        "day": "2021-01-27",
        "high": 2437,
        "low": 1037,
        "mean": 1611,
      },
      Object {
        "day": "2021-01-28",
        "high": 2438,
        "low": 1037,
        "mean": 1611,
      },
      Object {
        "day": "2021-01-29",
        "high": 2435,
        "low": 1037,
        "mean": 1611,
      },
      Object {
        "day": "2021-01-30",
        "high": 2435,
        "low": 1037,
        "mean": 1611,
      },
      Object {
        "day": "2021-01-31",
        "high": 2435,
        "low": 1037,
        "mean": 1611,
      },
    ]
  }
  height={400}
  layout="horizontal"
  margin={
    Object {
      "bottom": 5,
      "left": 0,
      "right": 20,
      "top": 5,
    }
  }
  reverseStackOrder={false}
  stackOffset="none"
  width={1300}
>
  <Line
    activeDot={true}
    animateNewValues={true}
    animationBegin={0}
    animationDuration={1500}
    animationEasing="ease"
    connectNulls={false}
    dataKey="low"
    dot={true}
    fill="#fff"
    hide={false}
    isAnimationActive={true}
    legendType="line"
    points={Array []}
    stroke="#00539f"
    strokeWidth={1}
    type="monotone"
    xAxisId={0}
    yAxisId={0}
  />
  <CartesianGrid
    fill="none"
    horizontal={true}
    horizontalFill={Array []}
    horizontalPoints={Array []}
    stroke="#00539f"
    strokeDasharray="5 5"
    vertical={false}
    verticalFill={Array []}
    verticalPoints={Array []}
  />
  <XAxis
    allowDataOverflow={false}
    allowDecimals={true}
    allowDuplicatedCategory={true}
    dataKey="day"
    domain={
      Array [
        0,
        "auto",
      ]
    }
    height={30}
    hide={false}
    mirror={false}
    orientation="bottom"
    padding={
      Object {
        "left": 0,
        "right": 0,
      }
    }
    reversed={false}
    scale="auto"
    tickCount={5}
    type="category"
    width={0}
    xAxisId={0}
  />
  <YAxis
    allowDataOverflow={false}
    allowDecimals={true}
    allowDuplicatedCategory={true}
    domain={
      Array [
        "dataMin",
        "dataMax",
      ]
    }
    height={0}
    hide={false}
    mirror={false}
    orientation="left"
    padding={
      Object {
        "bottom": 0,
        "top": 0,
      }
    }
    reversed={false}
    scale="auto"
    tickCount={5}
    type="number"
    width={60}
    yAxisId={0}
  />
  <Tooltip
    active={false}
    allowEscapeViewBox={
      Object {
        "x": false,
        "y": false,
      }
    }
    animationDuration={400}
    animationEasing="ease"
    contentStyle={Object {}}
    coordinate={
      Object {
        "x": 0,
        "y": 0,
      }
    }
    cursor={true}
    cursorStyle={Object {}}
    filterNull={true}
    isAnimationActive={true}
    itemStyle={Object {}}
    labelStyle={Object {}}
    offset={10}
    separator=" : "
    trigger="hover"
    useTranslate3d={false}
    viewBox={
      Object {
        "x1": 0,
        "x2": 0,
        "y1": 0,
        "y2": 0,
      }
    }
    wrapperStyle={Object {}}
  />
</LineChart>
`;
